\BOOKMARK [1][-]{section.1}{\376\377\000E\000i\000n\000l\000e\000i\000t\000u\000n\000g}{}% 1
\BOOKMARK [2][-]{subsection.1.1}{\376\377\000A\000u\000s\000g\000a\000n\000g\000s\000l\000a\000g\000e}{section.1}% 2
\BOOKMARK [2][-]{subsection.1.2}{\376\377\000Z\000i\000e\000l\000s\000e\000t\000z\000u\000n\000g}{section.1}% 3
\BOOKMARK [2][-]{subsection.1.3}{\376\377\000S\000y\000s\000t\000e\000m\000a\000b\000g\000r\000e\000n\000z\000u\000n\000g\000\040\000u\000n\000d\000\040\000R\000a\000n\000d\000b\000e\000d\000i\000n\000g\000u\000n\000g\000e\000n}{section.1}% 4
\BOOKMARK [2][-]{subsection.1.4}{\376\377\000M\000e\000i\000l\000e\000n\000s\000t\000e\000i\000n\000e}{section.1}% 5
\BOOKMARK [2][-]{subsection.1.5}{\376\377\000A\000u\000f\000b\000a\000u\000\040\000d\000e\000r\000\040\000A\000r\000b\000e\000i\000t}{section.1}% 6
\BOOKMARK [1][-]{section.2}{\376\377\000T\000e\000c\000h\000n\000i\000s\000c\000h\000e\000\040\000A\000u\000s\000g\000a\000n\000g\000s\000l\000a\000g\000e}{}% 7
\BOOKMARK [2][-]{subsection.2.1}{\376\377\000D\000e\000s\000i\000g\000n\000\040\000S\000p\000a\000c\000e\000\040\000E\000x\000p\000l\000o\000r\000a\000t\000i\000o\000n}{section.2}% 8
\BOOKMARK [3][-]{subsubsection.2.1.1}{\376\377\000M\000C\000U\000-\000A\000u\000s\000w\000a\000h\000l\000:\000\040\000S\000B\000C\000-\000N\000o\000d\000e\000M\000C\000U\000-\000E\000S\000P\0003\0002\000-\000C\000\040\000v\000s\000.\000\040\000E\000S\000P\0003\0002\000-\000C\0003\000\040\000v\000s\000.\000\040\000n\000R\000F\0005\0002\0008\0004\0000}{subsection.2.1}% 9
\BOOKMARK [1][-]{section.3}{\376\377\000L\000o\000w\000-\000P\000o\000w\000e\000r\000\040\000O\000p\000t\000i\000m\000i\000e\000r\000u\000n\000g}{}% 10
\BOOKMARK [2][-]{subsection.3.1}{\376\377\000M\000o\000t\000i\000v\000a\000t\000i\000o\000n}{section.3}% 11
\BOOKMARK [2][-]{subsection.3.2}{\376\377\000S\000t\000r\000o\000m\000p\000f\000a\000d\000\040\000S\000c\000h\000e\000m\000a}{section.3}% 12
\BOOKMARK [3][-]{subsubsection.3.2.1}{\376\377\000A\000u\000s\000g\000a\000n\000g\000s\000l\000a\000g\000e}{subsection.3.2}% 13
\BOOKMARK [3][-]{subsubsection.3.2.2}{\376\377\000H\000a\000r\000d\000w\000a\000r\000e\000\040\000R\000e\000d\000e\000s\000i\000g\000n}{subsection.3.2}% 14
\BOOKMARK [2][-]{subsection.3.3}{\376\377\000S\000t\000r\000o\000m\000m\000e\000s\000s\000u\000n\000g\000e\000n\000\040\000u\000n\000d\000\040\000L\000o\000w\000-\000P\000o\000w\000e\000r\000-\000O\000p\000t\000i\000m\000i\000e\000r\000u\000n\000g}{section.3}% 15
\BOOKMARK [2][-]{subsection.3.4}{\376\377\000\334\000b\000e\000r\000s\000i\000c\000h\000t\000\040\000Z\000y\000k\000l\000u\000s}{section.3}% 16
\BOOKMARK [2][-]{subsection.3.5}{\376\377\000G\000e\000s\000a\000m\000t\000s\000y\000s\000t\000e\000m\000\040\000S\000t\000r\000o\000m\000v\000e\000r\000b\000r\000a\000u\000c\000h}{section.3}% 17
\BOOKMARK [3][-]{subsubsection.3.5.1}{\376\377\000V\000e\000r\000g\000l\000e\000i\000c\000h\000\040\000E\000n\000e\000r\000g\000i\000e\000v\000e\000r\000b\000r\000a\000u\000c\000h\000\040\000A\000k\000t\000i\000v\000e\000r\000\040\000Z\000y\000k\000l\000u\000s}{subsection.3.5}% 18
\BOOKMARK [3][-]{subsubsection.3.5.2}{\376\377\000V\000e\000r\000g\000l\000e\000i\000c\000h\000\040\000L\000e\000i\000s\000t\000u\000n\000g\000s\000v\000e\000r\000b\000r\000a\000u\000c\000h\000\040\000D\000e\000e\000p\000-\000S\000l\000e\000e\000p}{subsection.3.5}% 19
\BOOKMARK [2][-]{subsection.3.6}{\376\377\000V\000e\000r\000g\000l\000e\000i\000c\000h\000\040\000E\000n\000e\000r\000g\000i\000e\000v\000e\000r\000b\000r\000a\000u\000c\000h\000\040\000E\000S\000P\0003\0002}{section.3}% 20
\BOOKMARK [3][-]{subsubsection.3.6.1}{\376\377\000\334\000b\000e\000r\000s\000i\000c\000h\000t\000\040\000S\000t\000r\000o\000m\000v\000e\000r\000l\000a\000u\000f\000\040\000E\000S\000P\0003\0002}{subsection.3.6}% 21
\BOOKMARK [3][-]{subsubsection.3.6.2}{\376\377\000V\000e\000r\000g\000l\000e\000i\000c\000h\000\040\000E\000S\000P\0003\0002\000\040\000E\000n\000e\000r\000g\000i\000e\000v\000e\000r\000b\000r\000a\000u\000c\000h}{subsection.3.6}% 22
\BOOKMARK [3][-]{subsubsection.3.6.3}{\376\377\000O\000p\000t\000i\000m\000i\000e\000r\000u\000n\000g\000\040\000E\000n\000e\000r\000g\000i\000e\000v\000e\000r\000b\000r\000a\000u\000c\000h\000\040\000S\000o\000f\000t\000w\000a\000r\000e}{subsection.3.6}% 23
\BOOKMARK [2][-]{subsection.3.7}{\376\377\000V\000e\000r\000l\000u\000s\000t\000e\000\040\000H\000a\000r\000d\000w\000a\000r\000e}{section.3}% 24
\BOOKMARK [3][-]{subsubsection.3.7.1}{\376\377\000M\000e\000s\000s\000m\000e\000t\000h\000o\000d\000e}{subsection.3.7}% 25
\BOOKMARK [3][-]{subsubsection.3.7.2}{\376\377\000B\000u\000c\000k\000\040\000c\000o\000n\000v\000e\000r\000t\000e\000r}{subsection.3.7}% 26
\BOOKMARK [3][-]{subsubsection.3.7.3}{\376\377\000L\000D\000O}{subsection.3.7}% 27
\BOOKMARK [3][-]{subsubsection.3.7.4}{\376\377\000A\000D\000C}{subsection.3.7}% 28
\BOOKMARK [2][-]{subsection.3.8}{\376\377\000G\000e\000s\000a\000m\000t\000v\000e\000r\000b\000r\000a\000u\000c\000h\000\040\000u\000n\000d\000\040\000B\000a\000t\000t\000e\000r\000i\000e\000l\000e\000b\000e\000n\000s\000d\000a\000u\000e\000r}{section.3}% 29
\BOOKMARK [1][-]{section.4}{\376\377\000O\000p\000t\000i\000m\000i\000e\000r\000u\000n\000g\000\040\000M\000e\000s\000s\000g\000e\000n\000a\000u\000i\000g\000k\000e\000i\000t}{}% 30
\BOOKMARK [2][-]{subsection.4.1}{\376\377\000S\000e\000n\000s\000o\000r\000i\000k\000:\000\040\000W\000\344\000g\000e\000z\000e\000l\000l\000e\000n\000\040\000u\000n\000d\000\040\000A\000D\000C}{section.4}% 31
\BOOKMARK [3][-]{subsubsection.4.1.1}{\376\377\000W\000\344\000g\000e\000z\000e\000l\000l\000e\000n\000\040\000\050\000Y\000Z\000C\000-\0001\0003\0003\000\051}{subsection.4.1}% 32
\BOOKMARK [3][-]{subsubsection.4.1.2}{\376\377\000A\000D\000S\0001\0002\0003\0004\000\040\040\023\000\040\0004\000-\000K\000a\000n\000a\000l\000-\0002\0004\000-\000B\000i\000t\000-\000A\000D\000C}{subsection.4.1}% 33
\BOOKMARK [3][-]{subsubsection.4.1.3}{\376\377\000V\000o\000n\000\040\000e\000i\000n\000e\000m\000\040\000a\000u\000f\000\040\000v\000i\000e\000r\000\040\000A\000D\000C\000-\000K\000a\000n\000\344\000l\000e}{subsection.4.1}% 34
\BOOKMARK [2][-]{subsection.4.2}{\376\377\000A\000D\000S\0001\0002\0003\0004\000\040\040\023\000\040\000A\000n\000s\000t\000e\000u\000e\000r\000u\000n\000g\000\040\000u\000n\000d\000\040\000K\000a\000l\000i\000b\000r\000i\000e\000r\000u\000n\000g}{section.4}% 35
\BOOKMARK [3][-]{subsubsection.4.2.1}{\376\377\000\334\000b\000e\000r\000b\000l\000i\000c\000k}{subsection.4.2}% 36
\BOOKMARK [3][-]{subsubsection.4.2.2}{\376\377\000S\000e\000r\000i\000e\000l\000l\000e\000s\000\040\000L\000e\000s\000e\000p\000r\000o\000t\000o\000k\000o\000l\000l}{subsection.4.2}% 37
\BOOKMARK [3][-]{subsubsection.4.2.3}{\376\377\000K\000a\000n\000a\000l\000w\000e\000c\000h\000s\000e\000l\000\040\000C\000H\0004\000\040\000\040\000C\000H\0001\000:\000\040\000!\000P\000D\000W\000N\000-\000W\000o\000r\000k\000a\000r\000o\000u\000n\000d}{subsection.4.2}% 38
\BOOKMARK [3][-]{subsubsection.4.2.4}{\376\377\000K\000a\000l\000i\000b\000r\000i\000e\000r\000u\000n\000g}{subsection.4.2}% 39
\BOOKMARK [2][-]{subsection.4.3}{\376\377\000M\000e\000s\000s\000r\000e\000i\000h\000e\000\040\000M\000e\000s\000s\000g\000e\000n\000a\000u\000i\000g\000k\000e\000i\000t}{section.4}% 40
\BOOKMARK [1][-]{section.5}{\376\377\000G\000e\000r\000\344\000t\000e\000\374\000b\000e\000r\000s\000i\000c\000h\000t}{}% 41
\BOOKMARK [1][-]{section.6}{\376\377\000P\000C\000B\000-\000D\000e\000s\000i\000g\000n}{}% 42
\BOOKMARK [1][-]{section.7}{\376\377\000M\000e\000s\000s\000u\000n\000g\000e\000n}{}% 43
\BOOKMARK [2][-]{subsection.7.1}{\376\377\000L\000o\000w\000-\000P\000o\000w\000e\000r\000\040\000A\000n\000a\000l\000y\000s\000e\000\040\000u\000n\000d\000\040\000O\000p\000t\000i\000m\000i\000e\000r\000u\000n\000g}{section.7}% 44
\BOOKMARK [3][-]{subsubsection.7.1.1}{\376\377\000R\000e\000d\000u\000k\000t\000i\000o\000n\000\040\000V\000e\000r\000s\000o\000r\000g\000u\000n\000g\000s\000s\000p\000a\000n\000n\000u\000n\000g\000\040\0003\000,\0003\000V\000\040\000a\000u\000f\000\040\0003\000,\0000\000V}{subsection.7.1}% 45
\BOOKMARK [3][-]{subsubsection.7.1.2}{\376\377\000V\000e\000r\000g\000l\000e\000i\000c\000h\000\040\000E\000n\000e\000r\000g\000i\000e\000v\000e\000r\000b\000r\000a\000u\000c\000h\000\040\000A\000k\000t\000i\000v\000e\000r\000\040\000Z\000y\000k\000l\000u\000s}{subsection.7.1}% 46
\BOOKMARK [3][-]{subsubsection.7.1.3}{\376\377\000V\000e\000r\000g\000l\000e\000i\000c\000h\000\040\000E\000n\000e\000r\000g\000i\000e\000v\000e\000r\000b\000r\000a\000u\000c\000h\000\040\000E\000S\000P\0003\0002}{subsection.7.1}% 47
\BOOKMARK [3][-]{subsubsection.7.1.4}{\376\377\000V\000e\000r\000l\000u\000s\000t\000e\000\040\000H\000a\000r\000d\000w\000a\000r\000e}{subsection.7.1}% 48
\BOOKMARK [3][-]{subsubsection.7.1.5}{\376\377\000V\000e\000r\000g\000l\000e\000i\000c\000h\000\040\000L\000e\000i\000s\000t\000u\000n\000g\000s\000v\000e\000r\000b\000r\000a\000u\000c\000h\000\040\000D\000e\000e\000p\000-\000S\000l\000e\000e\000p}{subsection.7.1}% 49
\BOOKMARK [1][-]{section.8}{\376\377\000F\000a\000z\000i\000t\000,\000\040\000D\000i\000s\000k\000u\000s\000s\000i\000o\000n\000\040\000u\000n\000d\000\040\000A\000u\000s\000b\000l\000i\000c\000k}{}% 50
\BOOKMARK [2][-]{subsection.8.1}{\376\377\000F\000a\000z\000i\000t}{section.8}% 51
\BOOKMARK [2][-]{subsection.8.2}{\376\377\000K\000r\000i\000t\000i\000s\000c\000h\000e\000\040\000B\000e\000u\000r\000t\000e\000i\000l\000u\000n\000g}{section.8}% 52
\BOOKMARK [2][-]{subsection.8.3}{\376\377\000A\000u\000s\000b\000l\000i\000c\000k}{section.8}% 53
\BOOKMARK [1][-]{appendix.A}{\376\377\000P\000C\000B\000\040\000S\000c\000h\000a\000l\000t\000p\000l\000a\000n}{}% 54
